2025-09-12 10:13:14,534 - INFO - Checking prerequisites...
2025-09-12 10:13:15,112 - INFO - ✓ gcloud CLI found
2025-09-12 10:13:15,112 - INFO - Enabling required APIs...
2025-09-12 10:13:16,154 - INFO - ✓ Enabled compute.googleapis.com
2025-09-12 10:13:16,989 - INFO - ✓ Enabled sqladmin.googleapis.com
2025-09-12 10:13:17,899 - INFO - ✓ Enabled storage-api.googleapis.com
2025-09-12 10:13:18,782 - INFO - ✓ Enabled cloudresourcemanager.googleapis.com
2025-09-12 10:13:18,782 - INFO - Creating firewall rules...
2025-09-12 10:13:25,579 - INFO - ✓ HTTP firewall rule created/exists
2025-09-12 10:13:32,626 - INFO - ✓ HTTPS firewall rule created/exists
2025-09-12 10:13:39,748 - INFO - ✓ TransparentSF firewall rule created/exists
2025-09-12 10:13:39,749 - INFO - ✓ Startup script created: startup_script.sh
2025-09-12 10:13:39,749 - INFO - Creating VM instance: transparentsf-prod
2025-09-12 10:13:55,523 - INFO - ✓ VM instance created: transparentsf-prod
2025-09-12 10:13:56,421 - INFO - Compute Engine setup completed successfully!
2025-09-12 10:13:56,421 - INFO - The VM is now starting up. It may take a few minutes to be ready.
2025-09-12 16:03:05,953 - INFO - Checking prerequisites...
2025-09-12 16:03:06,572 - INFO - ✓ gcloud CLI found
2025-09-12 16:03:06,573 - INFO - Enabling required APIs...
2025-09-12 16:03:07,719 - INFO - ✓ Enabled compute.googleapis.com
2025-09-12 16:03:08,527 - INFO - ✓ Enabled sqladmin.googleapis.com
2025-09-12 16:03:09,516 - INFO - ✓ Enabled storage-api.googleapis.com
2025-09-12 16:03:10,498 - INFO - ✓ Enabled cloudresourcemanager.googleapis.com
2025-09-12 16:03:10,498 - INFO - Creating firewall rules...
2025-09-12 16:03:11,416 - INFO - ✓ HTTP firewall rule created/exists
2025-09-12 16:03:12,228 - INFO - ✓ HTTPS firewall rule created/exists
2025-09-12 16:03:13,046 - INFO - ✓ TransparentSF firewall rule created/exists
2025-09-12 16:03:13,047 - INFO - ✓ Startup script created: startup_script.sh
2025-09-12 16:03:13,047 - INFO - Creating VM instance: transparentsf-prod
2025-09-12 16:03:15,597 - ERROR - Failed to create VM instance: WARNING: You have selected a disk size of under [200GB]. This may result in poor I/O performance. For more information, see: https://developers.google.com/compute/docs/disks#performance.
ERROR: (gcloud.compute.instances.create) Could not fetch resource:
 - The resource 'projects/euphoric-oath-467718-p3/zones/us-central1-a/instances/transparentsf-prod' already exists


2025-09-12 16:03:15,597 - ERROR - VM instance creation failed
2025-09-12 16:05:36,240 - INFO - Checking prerequisites...
2025-09-12 16:05:36,593 - INFO - ✓ gcloud CLI found
2025-09-12 16:05:36,593 - INFO - Enabling required APIs...
2025-09-12 16:05:37,567 - INFO - ✓ Enabled compute.googleapis.com
2025-09-12 16:05:38,376 - INFO - ✓ Enabled sqladmin.googleapis.com
2025-09-12 16:05:39,220 - INFO - ✓ Enabled storage-api.googleapis.com
2025-09-12 16:05:40,048 - INFO - ✓ Enabled cloudresourcemanager.googleapis.com
2025-09-12 16:05:40,049 - INFO - Creating firewall rules...
2025-09-12 16:05:41,056 - INFO - ✓ HTTP firewall rule created/exists
2025-09-12 16:05:41,898 - INFO - ✓ HTTPS firewall rule created/exists
2025-09-12 16:05:42,760 - INFO - ✓ TransparentSF firewall rule created/exists
2025-09-12 16:05:42,761 - INFO - ✓ Startup script created: startup_script.sh
2025-09-12 16:05:42,761 - INFO - Creating VM instance: transparentsf-prod
2025-09-12 16:06:00,397 - INFO - ✓ VM instance created: transparentsf-prod
2025-09-12 16:06:01,148 - INFO - Compute Engine setup completed successfully!
2025-09-12 16:06:01,148 - INFO - The VM is now starting up. It may take a few minutes to be ready.
